10
30
Passengers: 40
10
2
await
10
10
30
30
Truck: 30
290
290
30
30
85
